###############################################################################
#
# IAR ELF Linker V7.40.3.8902/W32 for ARM                 13/Nov/2015  17:21:31
# Copyright 2007-2015 IAR Systems AB.
#
#    Output file  =  
#        C:\Users\itisnotme\Documents\stm32f4\stm32f4-drivers-empty-project\EWARM\STM32F4-Discovery\Exe\Project.out
#    Map file     =  
#        C:\Users\itisnotme\Documents\stm32f4\stm32f4-drivers-empty-project\EWARM\STM32F4-Discovery\List\Project.map
#    Command line =  
#        C:\Users\itisnotme\Documents\stm32f4\stm32f4-drivers-empty-project\EWARM\STM32F4-Discovery\Obj\cs43l22.o
#        C:\Users\itisnotme\Documents\stm32f4\stm32f4-drivers-empty-project\Middlewares\ST\STM32_Audio\Addons\PDM\libPDMFilter_CM4_IAR.a
#        C:\Users\itisnotme\Documents\stm32f4\stm32f4-drivers-empty-project\EWARM\STM32F4-Discovery\Obj\lis302dl.o
#        C:\Users\itisnotme\Documents\stm32f4\stm32f4-drivers-empty-project\EWARM\STM32F4-Discovery\Obj\lis3dsh.o
#        C:\Users\itisnotme\Documents\stm32f4\stm32f4-drivers-empty-project\EWARM\STM32F4-Discovery\Obj\main.o
#        C:\Users\itisnotme\Documents\stm32f4\stm32f4-drivers-empty-project\EWARM\STM32F4-Discovery\Obj\startup_stm32f407xx.o
#        C:\Users\itisnotme\Documents\stm32f4\stm32f4-drivers-empty-project\EWARM\STM32F4-Discovery\Obj\stm32f4_discovery.o
#        C:\Users\itisnotme\Documents\stm32f4\stm32f4-drivers-empty-project\EWARM\STM32F4-Discovery\Obj\stm32f4_discovery_accelerometer.o
#        C:\Users\itisnotme\Documents\stm32f4\stm32f4-drivers-empty-project\EWARM\STM32F4-Discovery\Obj\stm32f4_discovery_audio.o
#        C:\Users\itisnotme\Documents\stm32f4\stm32f4-drivers-empty-project\EWARM\STM32F4-Discovery\Obj\stm32f4xx_hal.o
#        C:\Users\itisnotme\Documents\stm32f4\stm32f4-drivers-empty-project\EWARM\STM32F4-Discovery\Obj\stm32f4xx_hal_adc.o
#        C:\Users\itisnotme\Documents\stm32f4\stm32f4-drivers-empty-project\EWARM\STM32F4-Discovery\Obj\stm32f4xx_hal_adc_ex.o
#        C:\Users\itisnotme\Documents\stm32f4\stm32f4-drivers-empty-project\EWARM\STM32F4-Discovery\Obj\stm32f4xx_hal_can.o
#        C:\Users\itisnotme\Documents\stm32f4\stm32f4-drivers-empty-project\EWARM\STM32F4-Discovery\Obj\stm32f4xx_hal_cec.o
#        C:\Users\itisnotme\Documents\stm32f4\stm32f4-drivers-empty-project\EWARM\STM32F4-Discovery\Obj\stm32f4xx_hal_cortex.o
#        C:\Users\itisnotme\Documents\stm32f4\stm32f4-drivers-empty-project\EWARM\STM32F4-Discovery\Obj\stm32f4xx_hal_crc.o
#        C:\Users\itisnotme\Documents\stm32f4\stm32f4-drivers-empty-project\EWARM\STM32F4-Discovery\Obj\stm32f4xx_hal_cryp.o
#        C:\Users\itisnotme\Documents\stm32f4\stm32f4-drivers-empty-project\EWARM\STM32F4-Discovery\Obj\stm32f4xx_hal_cryp_ex.o
#        C:\Users\itisnotme\Documents\stm32f4\stm32f4-drivers-empty-project\EWARM\STM32F4-Discovery\Obj\stm32f4xx_hal_dac.o
#        C:\Users\itisnotme\Documents\stm32f4\stm32f4-drivers-empty-project\EWARM\STM32F4-Discovery\Obj\stm32f4xx_hal_dac_ex.o
#        C:\Users\itisnotme\Documents\stm32f4\stm32f4-drivers-empty-project\EWARM\STM32F4-Discovery\Obj\stm32f4xx_hal_dcmi.o
#        C:\Users\itisnotme\Documents\stm32f4\stm32f4-drivers-empty-project\EWARM\STM32F4-Discovery\Obj\stm32f4xx_hal_dcmi_ex.o
#        C:\Users\itisnotme\Documents\stm32f4\stm32f4-drivers-empty-project\EWARM\STM32F4-Discovery\Obj\stm32f4xx_hal_dma.o
#        C:\Users\itisnotme\Documents\stm32f4\stm32f4-drivers-empty-project\EWARM\STM32F4-Discovery\Obj\stm32f4xx_hal_dma2d.o
#        C:\Users\itisnotme\Documents\stm32f4\stm32f4-drivers-empty-project\EWARM\STM32F4-Discovery\Obj\stm32f4xx_hal_dma_ex.o
#        C:\Users\itisnotme\Documents\stm32f4\stm32f4-drivers-empty-project\EWARM\STM32F4-Discovery\Obj\stm32f4xx_hal_dsi.o
#        C:\Users\itisnotme\Documents\stm32f4\stm32f4-drivers-empty-project\EWARM\STM32F4-Discovery\Obj\stm32f4xx_hal_eth.o
#        C:\Users\itisnotme\Documents\stm32f4\stm32f4-drivers-empty-project\EWARM\STM32F4-Discovery\Obj\stm32f4xx_hal_flash.o
#        C:\Users\itisnotme\Documents\stm32f4\stm32f4-drivers-empty-project\EWARM\STM32F4-Discovery\Obj\stm32f4xx_hal_flash_ex.o
#        C:\Users\itisnotme\Documents\stm32f4\stm32f4-drivers-empty-project\EWARM\STM32F4-Discovery\Obj\stm32f4xx_hal_flash_ramfunc.o
#        C:\Users\itisnotme\Documents\stm32f4\stm32f4-drivers-empty-project\EWARM\STM32F4-Discovery\Obj\stm32f4xx_hal_fmpi2c.o
#        C:\Users\itisnotme\Documents\stm32f4\stm32f4-drivers-empty-project\EWARM\STM32F4-Discovery\Obj\stm32f4xx_hal_fmpi2c_ex.o
#        C:\Users\itisnotme\Documents\stm32f4\stm32f4-drivers-empty-project\EWARM\STM32F4-Discovery\Obj\stm32f4xx_hal_gpio.o
#        C:\Users\itisnotme\Documents\stm32f4\stm32f4-drivers-empty-project\EWARM\STM32F4-Discovery\Obj\stm32f4xx_hal_hash.o
#        C:\Users\itisnotme\Documents\stm32f4\stm32f4-drivers-empty-project\EWARM\STM32F4-Discovery\Obj\stm32f4xx_hal_hash_ex.o
#        C:\Users\itisnotme\Documents\stm32f4\stm32f4-drivers-empty-project\EWARM\STM32F4-Discovery\Obj\stm32f4xx_hal_hcd.o
#        C:\Users\itisnotme\Documents\stm32f4\stm32f4-drivers-empty-project\EWARM\STM32F4-Discovery\Obj\stm32f4xx_hal_i2c.o
#        C:\Users\itisnotme\Documents\stm32f4\stm32f4-drivers-empty-project\EWARM\STM32F4-Discovery\Obj\stm32f4xx_hal_i2c_ex.o
#        C:\Users\itisnotme\Documents\stm32f4\stm32f4-drivers-empty-project\EWARM\STM32F4-Discovery\Obj\stm32f4xx_hal_i2s.o
#        C:\Users\itisnotme\Documents\stm32f4\stm32f4-drivers-empty-project\EWARM\STM32F4-Discovery\Obj\stm32f4xx_hal_i2s_ex.o
#        C:\Users\itisnotme\Documents\stm32f4\stm32f4-drivers-empty-project\EWARM\STM32F4-Discovery\Obj\stm32f4xx_hal_irda.o
#        C:\Users\itisnotme\Documents\stm32f4\stm32f4-drivers-empty-project\EWARM\STM32F4-Discovery\Obj\stm32f4xx_hal_iwdg.o
#        C:\Users\itisnotme\Documents\stm32f4\stm32f4-drivers-empty-project\EWARM\STM32F4-Discovery\Obj\stm32f4xx_hal_lptim.o
#        C:\Users\itisnotme\Documents\stm32f4\stm32f4-drivers-empty-project\EWARM\STM32F4-Discovery\Obj\stm32f4xx_hal_ltdc.o
#        C:\Users\itisnotme\Documents\stm32f4\stm32f4-drivers-empty-project\EWARM\STM32F4-Discovery\Obj\stm32f4xx_hal_ltdc_ex.o
#        C:\Users\itisnotme\Documents\stm32f4\stm32f4-drivers-empty-project\EWARM\STM32F4-Discovery\Obj\stm32f4xx_hal_msp.o
#        C:\Users\itisnotme\Documents\stm32f4\stm32f4-drivers-empty-project\EWARM\STM32F4-Discovery\Obj\stm32f4xx_hal_nand.o
#        C:\Users\itisnotme\Documents\stm32f4\stm32f4-drivers-empty-project\EWARM\STM32F4-Discovery\Obj\stm32f4xx_hal_nor.o
#        C:\Users\itisnotme\Documents\stm32f4\stm32f4-drivers-empty-project\EWARM\STM32F4-Discovery\Obj\stm32f4xx_hal_pccard.o
#        C:\Users\itisnotme\Documents\stm32f4\stm32f4-drivers-empty-project\EWARM\STM32F4-Discovery\Obj\stm32f4xx_hal_pcd.o
#        C:\Users\itisnotme\Documents\stm32f4\stm32f4-drivers-empty-project\EWARM\STM32F4-Discovery\Obj\stm32f4xx_hal_pcd_ex.o
#        C:\Users\itisnotme\Documents\stm32f4\stm32f4-drivers-empty-project\EWARM\STM32F4-Discovery\Obj\stm32f4xx_hal_pwr.o
#        C:\Users\itisnotme\Documents\stm32f4\stm32f4-drivers-empty-project\EWARM\STM32F4-Discovery\Obj\stm32f4xx_hal_pwr_ex.o
#        C:\Users\itisnotme\Documents\stm32f4\stm32f4-drivers-empty-project\EWARM\STM32F4-Discovery\Obj\stm32f4xx_hal_qspi.o
#        C:\Users\itisnotme\Documents\stm32f4\stm32f4-drivers-empty-project\EWARM\STM32F4-Discovery\Obj\stm32f4xx_hal_rcc.o
#        C:\Users\itisnotme\Documents\stm32f4\stm32f4-drivers-empty-project\EWARM\STM32F4-Discovery\Obj\stm32f4xx_hal_rcc_ex.o
#        C:\Users\itisnotme\Documents\stm32f4\stm32f4-drivers-empty-project\EWARM\STM32F4-Discovery\Obj\stm32f4xx_hal_rng.o
#        C:\Users\itisnotme\Documents\stm32f4\stm32f4-drivers-empty-project\EWARM\STM32F4-Discovery\Obj\stm32f4xx_hal_rtc.o
#        C:\Users\itisnotme\Documents\stm32f4\stm32f4-drivers-empty-project\EWARM\STM32F4-Discovery\Obj\stm32f4xx_hal_rtc_ex.o
#        C:\Users\itisnotme\Documents\stm32f4\stm32f4-drivers-empty-project\EWARM\STM32F4-Discovery\Obj\stm32f4xx_hal_sai.o
#        C:\Users\itisnotme\Documents\stm32f4\stm32f4-drivers-empty-project\EWARM\STM32F4-Discovery\Obj\stm32f4xx_hal_sai_ex.o
#        C:\Users\itisnotme\Documents\stm32f4\stm32f4-drivers-empty-project\EWARM\STM32F4-Discovery\Obj\stm32f4xx_hal_sd.o
#        C:\Users\itisnotme\Documents\stm32f4\stm32f4-drivers-empty-project\EWARM\STM32F4-Discovery\Obj\stm32f4xx_hal_sdram.o
#        C:\Users\itisnotme\Documents\stm32f4\stm32f4-drivers-empty-project\EWARM\STM32F4-Discovery\Obj\stm32f4xx_hal_smartcard.o
#        C:\Users\itisnotme\Documents\stm32f4\stm32f4-drivers-empty-project\EWARM\STM32F4-Discovery\Obj\stm32f4xx_hal_spdifrx.o
#        C:\Users\itisnotme\Documents\stm32f4\stm32f4-drivers-empty-project\EWARM\STM32F4-Discovery\Obj\stm32f4xx_hal_spi.o
#        C:\Users\itisnotme\Documents\stm32f4\stm32f4-drivers-empty-project\EWARM\STM32F4-Discovery\Obj\stm32f4xx_hal_sram.o
#        C:\Users\itisnotme\Documents\stm32f4\stm32f4-drivers-empty-project\EWARM\STM32F4-Discovery\Obj\stm32f4xx_hal_tim.o
#        C:\Users\itisnotme\Documents\stm32f4\stm32f4-drivers-empty-project\EWARM\STM32F4-Discovery\Obj\stm32f4xx_hal_tim_ex.o
#        C:\Users\itisnotme\Documents\stm32f4\stm32f4-drivers-empty-project\EWARM\STM32F4-Discovery\Obj\stm32f4xx_hal_uart.o
#        C:\Users\itisnotme\Documents\stm32f4\stm32f4-drivers-empty-project\EWARM\STM32F4-Discovery\Obj\stm32f4xx_hal_usart.o
#        C:\Users\itisnotme\Documents\stm32f4\stm32f4-drivers-empty-project\EWARM\STM32F4-Discovery\Obj\stm32f4xx_hal_wwdg.o
#        C:\Users\itisnotme\Documents\stm32f4\stm32f4-drivers-empty-project\EWARM\STM32F4-Discovery\Obj\stm32f4xx_it.o
#        C:\Users\itisnotme\Documents\stm32f4\stm32f4-drivers-empty-project\EWARM\STM32F4-Discovery\Obj\stm32f4xx_ll_fmc.o
#        C:\Users\itisnotme\Documents\stm32f4\stm32f4-drivers-empty-project\EWARM\STM32F4-Discovery\Obj\stm32f4xx_ll_fsmc.o
#        C:\Users\itisnotme\Documents\stm32f4\stm32f4-drivers-empty-project\EWARM\STM32F4-Discovery\Obj\stm32f4xx_ll_sdmmc.o
#        C:\Users\itisnotme\Documents\stm32f4\stm32f4-drivers-empty-project\EWARM\STM32F4-Discovery\Obj\stm32f4xx_ll_usb.o
#        C:\Users\itisnotme\Documents\stm32f4\stm32f4-drivers-empty-project\EWARM\STM32F4-Discovery\Obj\system_stm32f4xx.o
#        --redirect _Printf=_PrintfSmall --redirect _Scanf=_ScanfSmall -o
#        C:\Users\itisnotme\Documents\stm32f4\stm32f4-drivers-empty-project\EWARM\STM32F4-Discovery\Exe\Project.out
#        --map
#        C:\Users\itisnotme\Documents\stm32f4\stm32f4-drivers-empty-project\EWARM\STM32F4-Discovery\List\Project.map
#        --config
#        C:\Users\itisnotme\Documents\stm32f4\stm32f4-drivers-empty-project\EWARM\stm32f407xx_flash.icf
#        --semihosting --entry __iar_program_start --vfe
#
###############################################################################

*******************************************************************************
*** RUNTIME MODEL ATTRIBUTES
***

CppFlavor       = *
__SystemLibrary = DLib


*******************************************************************************
*** PLACEMENT SUMMARY
***

"A1":  place at 0x08000000 { ro section .intvec };
"P1":  place in [from 0x08000000 to 0x080fffff] { ro };
"P2":  place in [from 0x20000000 to 0x2001ffff] { rw, block CSTACK, block HEAP };

  Section            Kind        Address   Size  Object
  -------            ----        -------   ----  ------
"A1":                                     0x188
  .intvec            ro code  0x08000000  0x188  startup_stm32f407xx.o [1]
                            - 0x08000188  0x188

"P1":                                     0x930
  .text              ro code  0x08000188  0x4c0  stm32f4xx_hal_rcc.o [1]
  .text              ro code  0x08000648   0x70  stm32f4xx_hal.o [1]
  .text              ro code  0x080006b8   0xac  stm32f4xx_hal_cortex.o [1]
  .text              ro code  0x08000764    0x2  stm32f4xx_hal_msp.o [1]
  .text              ro code  0x08000768   0xa4  main.o [1]
  .text              ro code  0x0800080c   0x50  system_stm32f4xx.o [1]
  .text              ro code  0x0800085c   0x2c  copy_init3.o [6]
  .text              ro code  0x08000888   0x28  data_init.o [6]
  .text              ro code  0x080008b0   0x22  fpinit_M.o [5]
  .iar.init_table    const    0x080008d4   0x14  - Linker created -
  .text              ro code  0x080008e8   0x1a  cmain.o [6]
  .text              ro code  0x08000902    0x4  low_level_init.o [3]
  .text              ro code  0x08000906    0x4  exit.o [3]
  .text              ro code  0x0800090c    0xa  cexit.o [6]
  .text              ro code  0x08000918   0x14  exit.o [7]
  .text              ro code  0x0800092c   0x14  stm32f4xx_it.o [1]
  .text              ro code  0x08000940   0x10  startup_stm32f407xx.o [1]
  .text              ro code  0x08000950    0xc  cstartup_M.o [6]
  .text              ro code  0x0800095c    0x4  startup_stm32f407xx.o [1]
  .text              ro code  0x08000960    0x4  startup_stm32f407xx.o [1]
  .text              ro code  0x08000964    0x4  startup_stm32f407xx.o [1]
  .text              ro code  0x08000968    0x4  startup_stm32f407xx.o [1]
  .text              ro code  0x0800096c    0x4  startup_stm32f407xx.o [1]
  .text              ro code  0x08000970    0x4  startup_stm32f407xx.o [1]
  .text              ro code  0x08000974    0x4  startup_stm32f407xx.o [1]
  .text              ro code  0x08000978    0x4  startup_stm32f407xx.o [1]
  .text              ro code  0x0800097c    0x4  startup_stm32f407xx.o [1]
  .text              ro code  0x08000980    0x4  startup_stm32f407xx.o [1]
  .text              ro code  0x08000984    0x4  startup_stm32f407xx.o [1]
  .text              ro code  0x08000988    0x4  startup_stm32f407xx.o [1]
  .text              ro code  0x0800098c    0x4  startup_stm32f407xx.o [1]
  .text              ro code  0x08000990    0x4  startup_stm32f407xx.o [1]
  .text              ro code  0x08000994    0x4  startup_stm32f407xx.o [1]
  .text              ro code  0x08000998    0x4  startup_stm32f407xx.o [1]
  .text              ro code  0x0800099c    0x4  startup_stm32f407xx.o [1]
  .text              ro code  0x080009a0    0x4  startup_stm32f407xx.o [1]
  .text              ro code  0x080009a4    0x4  startup_stm32f407xx.o [1]
  .text              ro code  0x080009a8    0x4  startup_stm32f407xx.o [1]
  .text              ro code  0x080009ac    0x4  startup_stm32f407xx.o [1]
  .text              ro code  0x080009b0    0x4  startup_stm32f407xx.o [1]
  .text              ro code  0x080009b4    0x4  startup_stm32f407xx.o [1]
  .text              ro code  0x080009b8    0x4  startup_stm32f407xx.o [1]
  .text              ro code  0x080009bc    0x4  startup_stm32f407xx.o [1]
  .text              ro code  0x080009c0    0x4  startup_stm32f407xx.o [1]
  .text              ro code  0x080009c4    0x4  startup_stm32f407xx.o [1]
  .text              ro code  0x080009c8    0x4  startup_stm32f407xx.o [1]
  .text              ro code  0x080009cc    0x4  startup_stm32f407xx.o [1]
  .text              ro code  0x080009d0    0x4  startup_stm32f407xx.o [1]
  .text              ro code  0x080009d4    0x4  startup_stm32f407xx.o [1]
  .text              ro code  0x080009d8    0x4  startup_stm32f407xx.o [1]
  .text              ro code  0x080009dc    0x4  startup_stm32f407xx.o [1]
  .text              ro code  0x080009e0    0x4  startup_stm32f407xx.o [1]
  .text              ro code  0x080009e4    0x4  startup_stm32f407xx.o [1]
  .text              ro code  0x080009e8    0x4  startup_stm32f407xx.o [1]
  .text              ro code  0x080009ec    0x4  startup_stm32f407xx.o [1]
  .text              ro code  0x080009f0    0x4  startup_stm32f407xx.o [1]
  .text              ro code  0x080009f4    0x4  startup_stm32f407xx.o [1]
  .text              ro code  0x080009f8    0x4  startup_stm32f407xx.o [1]
  .text              ro code  0x080009fc    0x4  startup_stm32f407xx.o [1]
  .text              ro code  0x08000a00    0x4  startup_stm32f407xx.o [1]
  .text              ro code  0x08000a04    0x4  startup_stm32f407xx.o [1]
  .text              ro code  0x08000a08    0x4  startup_stm32f407xx.o [1]
  .text              ro code  0x08000a0c    0x4  startup_stm32f407xx.o [1]
  .text              ro code  0x08000a10    0x4  startup_stm32f407xx.o [1]
  .text              ro code  0x08000a14    0x4  startup_stm32f407xx.o [1]
  .text              ro code  0x08000a18    0x4  startup_stm32f407xx.o [1]
  .text              ro code  0x08000a1c    0x4  startup_stm32f407xx.o [1]
  .text              ro code  0x08000a20    0x4  startup_stm32f407xx.o [1]
  .text              ro code  0x08000a24    0x4  startup_stm32f407xx.o [1]
  .text              ro code  0x08000a28    0x4  startup_stm32f407xx.o [1]
  .text              ro code  0x08000a2c    0x4  startup_stm32f407xx.o [1]
  .text              ro code  0x08000a30    0x4  startup_stm32f407xx.o [1]
  .text              ro code  0x08000a34    0x4  startup_stm32f407xx.o [1]
  .text              ro code  0x08000a38    0x4  startup_stm32f407xx.o [1]
  .text              ro code  0x08000a3c    0x4  startup_stm32f407xx.o [1]
  .text              ro code  0x08000a40    0x4  startup_stm32f407xx.o [1]
  .text              ro code  0x08000a44    0x4  startup_stm32f407xx.o [1]
  .text              ro code  0x08000a48    0x4  startup_stm32f407xx.o [1]
  .text              ro code  0x08000a4c    0x4  startup_stm32f407xx.o [1]
  .text              ro code  0x08000a50    0x4  startup_stm32f407xx.o [1]
  .text              ro code  0x08000a54    0x4  startup_stm32f407xx.o [1]
  .text              ro code  0x08000a58    0x4  startup_stm32f407xx.o [1]
  .text              ro code  0x08000a5c    0x4  startup_stm32f407xx.o [1]
  .text              ro code  0x08000a60    0x4  startup_stm32f407xx.o [1]
  .text              ro code  0x08000a64    0x4  startup_stm32f407xx.o [1]
  .text              ro code  0x08000a68    0x4  startup_stm32f407xx.o [1]
  .text              ro code  0x08000a6c    0x4  startup_stm32f407xx.o [1]
  .text              ro code  0x08000a70    0x4  startup_stm32f407xx.o [1]
  .text              ro code  0x08000a74    0x4  startup_stm32f407xx.o [1]
  .text              ro code  0x08000a78    0x4  startup_stm32f407xx.o [1]
  .text              ro code  0x08000a7c    0x4  startup_stm32f407xx.o [1]
  .text              ro code  0x08000a80    0x4  startup_stm32f407xx.o [1]
  .text              ro code  0x08000a84    0x4  startup_stm32f407xx.o [1]
  .text              ro code  0x08000a88    0x4  startup_stm32f407xx.o [1]
  .text              ro code  0x08000a8c    0x4  startup_stm32f407xx.o [1]
  .text              ro code  0x08000a90    0x4  startup_stm32f407xx.o [1]
  .text              ro code  0x08000a94    0x4  startup_stm32f407xx.o [1]
  .text              ro code  0x08000a98    0x4  startup_stm32f407xx.o [1]
  .text              ro code  0x08000a9c    0x4  startup_stm32f407xx.o [1]
  .rodata            const    0x08000aa0    0x0  copy_init3.o [6]
  Initializer bytes  const    0x08000aa0   0x18  <for P2 s0>
                            - 0x08000ab8  0x930

"P2":                                     0x418
  P2 s0                       0x20000000   0x18  <Init block>
    .data            inited   0x20000000   0x14  system_stm32f4xx.o [1]
    .bss             inited   0x20000014    0x4  stm32f4xx_hal.o [1]
  CSTACK                      0x20000018  0x400  <Block>
    CSTACK           uninit   0x20000018  0x400  <Block tail>
                            - 0x20000418  0x418


*******************************************************************************
*** INIT TABLE
***

          Address     Size
          -------     ----
Copy (__iar_copy_init3)
    1 source range, total size 0x18:
          0x08000aa0  0x18
    1 destination range, total size 0x18:
          0x20000000  0x18



*******************************************************************************
*** MODULE SUMMARY
***

    Module                  ro code  ro data  rw data
    ------                  -------  -------  -------
C:\Users\itisnotme\Documents\stm32f4\stm32f4-drivers-empty-project\EWARM\STM32F4-Discovery\Obj: [1]
    main.o                      164
    startup_stm32f407xx.o       732
    stm32f4xx_hal.o             112        4        4
    stm32f4xx_hal_cortex.o      172
    stm32f4xx_hal_msp.o           2
    stm32f4xx_hal_rcc.o       1 216
    stm32f4xx_it.o               20
    system_stm32f4xx.o           80       20       20
    -------------------------------------------------
    Total:                    2 498       24       24

command line: [2]
    -------------------------------------------------
    Total:

dl7M_tlf.a: [3]
    exit.o                        4
    low_level_init.o              4
    -------------------------------------------------
    Total:                        8

libPDMFilter_CM4_IAR.a: [4]
    -------------------------------------------------
    Total:

m7M_tls.a: [5]
    fpinit_M.o                   34
    -------------------------------------------------
    Total:                       34

rt7M_tl.a: [6]
    cexit.o                      10
    cmain.o                      26
    copy_init3.o                 44
    cstartup_M.o                 12
    data_init.o                  40
    -------------------------------------------------
    Total:                      132

shb_l.a: [7]
    exit.o                       20
    -------------------------------------------------
    Total:                       20

    Gaps                          6        2
    Linker created                        20    1 024
-----------------------------------------------------
    Grand Total:              2 698       46    1 048


*******************************************************************************
*** ENTRY LIST
***

Entry                      Address   Size  Type      Object
-----                      -------   ----  ----      ------
.iar.init_table$$Base   0x080008d4          --   Gb  - Linker created -
.iar.init_table$$Limit  0x080008e8          --   Gb  - Linker created -
?main                   0x080008e9         Code  Gb  cmain.o [6]
AHBPrescTable           0x20000000   0x10  Data  Gb  system_stm32f4xx.o [1]
APBAHBPrescTable        0x08000638   0x10  Data  Gb  stm32f4xx_hal_rcc.o [1]
BusFault_Handler        0x08000933    0x2  Code  Gb  stm32f4xx_it.o [1]
CSTACK$$Base            0x20000018          --   Gb  - Linker created -
CSTACK$$Limit           0x20000418          --   Gb  - Linker created -
DebugMon_Handler        0x08000939    0x2  Code  Gb  stm32f4xx_it.o [1]
HAL_GetREVID            0x080006a5    0x8  Code  Gb  stm32f4xx_hal.o [1]
HAL_GetTick             0x0800069f    0x6  Code  Wk  stm32f4xx_hal.o [1]
HAL_IncTick             0x08000695    0xa  Code  Wk  stm32f4xx_hal.o [1]
HAL_Init                0x08000649   0x28  Code  Gb  stm32f4xx_hal.o [1]
HAL_InitTick            0x08000671   0x24  Code  Wk  stm32f4xx_hal.o [1]
HAL_MspInit             0x08000765    0x2  Code  Gb  stm32f4xx_hal_msp.o [1]
HAL_NVIC_SetPriority    0x080006ed   0x3a  Code  Gb  stm32f4xx_hal_cortex.o [1]
HAL_NVIC_SetPriorityGrouping
                        0x080006d3   0x1a  Code  Gb  stm32f4xx_hal_cortex.o [1]
HAL_RCC_ClockConfig     0x0800040b  0x166  Code  Gb  stm32f4xx_hal_rcc.o [1]
HAL_RCC_GetHCLKFreq     0x080005eb   0x20  Code  Gb  stm32f4xx_hal_rcc.o [1]
HAL_RCC_GetSysClockFreq
                        0x080005a5   0x46  Code  Wk  stm32f4xx_hal_rcc.o [1]
HAL_RCC_OscConfig       0x08000189  0x26e  Code  Wk  stm32f4xx_hal_rcc.o [1]
HAL_SYSTICK_Config      0x08000727   0x28  Code  Gb  stm32f4xx_hal_cortex.o [1]
HardFault_Handler       0x0800092f    0x2  Code  Gb  stm32f4xx_it.o [1]
MemManage_Handler       0x08000931    0x2  Code  Gb  stm32f4xx_it.o [1]
NMI_Handler             0x0800092d    0x2  Code  Gb  stm32f4xx_it.o [1]
NVIC_SetPriority        0x080006b9   0x1a  Code  Lc  stm32f4xx_hal_cortex.o [1]
PendSV_Handler          0x0800093b    0x2  Code  Gb  stm32f4xx_it.o [1]
Region$$Table$$Base     0x080008d4          --   Gb  - Linker created -
Region$$Table$$Limit    0x080008e8          --   Gb  - Linker created -
SVC_Handler             0x08000937    0x2  Code  Gb  stm32f4xx_it.o [1]
SysTick_Handler         0x0800093d    0x4  Code  Gb  stm32f4xx_it.o [1]
SystemCoreClock         0x20000010    0x4  Data  Gb  system_stm32f4xx.o [1]
SystemInit              0x0800080d   0x3a  Code  Gb  system_stm32f4xx.o [1]
UsageFault_Handler      0x08000935    0x2  Code  Gb  stm32f4xx_it.o [1]
__cmain                 0x080008e9         Code  Gb  cmain.o [6]
__exit                  0x08000919   0x14  Code  Gb  exit.o [7]
__iar_copy_init3        0x0800085d   0x2c  Code  Gb  copy_init3.o [6]
__iar_data_init3        0x08000889   0x28  Code  Gb  data_init.o [6]
__iar_init_vfp          0x080008b1         Code  Gb  fpinit_M.o [5]
__iar_program_start     0x08000951         Code  Gb  cstartup_M.o [6]
__low_level_init        0x08000903    0x4  Code  Gb  low_level_init.o [3]
__vector_table          0x08000000         Data  Gb  startup_stm32f407xx.o [1]
_call_main              0x080008f5         Code  Gb  cmain.o [6]
_exit                   0x0800090d         Code  Gb  cexit.o [6]
_main                   0x080008ff         Code  Gb  cmain.o [6]
exit                    0x08000907    0x4  Code  Gb  exit.o [3]
main                    0x08000769   0xa4  Code  Gb  main.o [1]
uwTick                  0x20000014    0x4  Data  Lc  stm32f4xx_hal.o [1]


[1] = C:\Users\itisnotme\Documents\stm32f4\stm32f4-drivers-empty-project\EWARM\STM32F4-Discovery\Obj
[2] = command line
[3] = dl7M_tlf.a
[4] = libPDMFilter_CM4_IAR.a
[5] = m7M_tls.a
[6] = rt7M_tl.a
[7] = shb_l.a

  2 698 bytes of readonly  code memory
     46 bytes of readonly  data memory
  1 048 bytes of readwrite data memory

Errors: none
Warnings: none
